// Jest Snapshot v1, https://goo.gl/fbAQLP

exports[`Testing Care Component Snapshot 1`] = `<Care />`;
