// Jest Snapshot v1, https://goo.gl/fbAQLP

exports[`Testing Charity Component Snapshot 1`] = `<Charity />`;
