// Jest Snapshot v1, https://goo.gl/fbAQLP

exports[`Testing DonationsBio Component Snapshot 1`] = `<DonationsBio />`;
