// Jest Snapshot v1, https://goo.gl/fbAQLP

exports[`Testing DonationItems Component Snapshot 1`] = `<DonationItems />`;
