// Jest Snapshot v1, https://goo.gl/fbAQLP

exports[`Testing DonateCarousel Component Snapshot 1`] = `<DonateCarousel />`;
