// Jest Snapshot v1, https://goo.gl/fbAQLP

exports[`Testing Main Component Snapshot 1`] = `<Main />`;
