// Jest Snapshot v1, https://goo.gl/fbAQLP

exports[`Testing DonationItem Component Snapshot 1`] = `<DonationItem />`;
