// Jest Snapshot v1, https://goo.gl/fbAQLP

exports[`Testing Loading Component Snapshot 1`] = `<Loading />`;
